C:\Users\NICHOLAS\Desktop\sepProject\movieLibrary\src\main\java\com\example\movielib\AuthController.java
C:\Users\NICHOLAS\Desktop\sepProject\movieLibrary\src\main\java\com\example\movielib\JwtAuthFilter.java
C:\Users\NICHOLAS\Desktop\sepProject\movieLibrary\src\main\java\com\example\movielib\JwtService.java
C:\Users\NICHOLAS\Desktop\sepProject\movieLibrary\src\main\java\com\example\movielib\JwtUtil.java
C:\Users\NICHOLAS\Desktop\sepProject\movieLibrary\src\main\java\com\example\movielib\LoginRequest.java
C:\Users\NICHOLAS\Desktop\sepProject\movieLibrary\src\main\java\com\example\movielib\Movie.java
C:\Users\NICHOLAS\Desktop\sepProject\movieLibrary\src\main\java\com\example\movielib\MovieController.java
C:\Users\NICHOLAS\Desktop\sepProject\movieLibrary\src\main\java\com\example\movielib\MovieDto.java
C:\Users\NICHOLAS\Desktop\sepProject\movieLibrary\src\main\java\com\example\movielib\MovieLibraryApplication.java
C:\Users\NICHOLAS\Desktop\sepProject\movieLibrary\src\main\java\com\example\movielib\MovieRepository.java
C:\Users\NICHOLAS\Desktop\sepProject\movieLibrary\src\main\java\com\example\movielib\MovieService.java
C:\Users\NICHOLAS\Desktop\sepProject\movieLibrary\src\main\java\com\example\movielib\MyUserDetailsService.java
C:\Users\NICHOLAS\Desktop\sepProject\movieLibrary\src\main\java\com\example\movielib\SecurityConfig.java
C:\Users\NICHOLAS\Desktop\sepProject\movieLibrary\src\main\java\com\example\movielib\User.java
C:\Users\NICHOLAS\Desktop\sepProject\movieLibrary\src\main\java\com\example\movielib\UserRepository.java
C:\Users\NICHOLAS\Desktop\sepProject\movieLibrary\src\main\java\com\example\movielib\UserService.java
